[INFO] Scanning for projects...
[INFO] 
[INFO] ------------------< com.itheima:tlias-web-management >------------------
[INFO] Building tlias-web-management 0.0.1-SNAPSHOT
[INFO]   from pom.xml
[INFO] --------------------------------[ jar ]---------------------------------
[INFO] 
[INFO] >>> spring-boot:4.0.7:run (default-cli) > test-compile @ tlias-web-management >>>
[INFO] 
[INFO] --- resources:3.3.1:resources (default-resources) @ tlias-web-management ---
[INFO] Copying 1 resource from src\main\resources to target\classes
[INFO] Copying 4 resources from src\main\resources to target\classes
[INFO] 
[INFO] --- compiler:3.14.1:compile (default-compile) @ tlias-web-management ---
[INFO] Nothing to compile - all classes are up to date.
[INFO] 
[INFO] --- resources:3.3.1:testResources (default-testResources) @ tlias-web-management ---
[INFO] skip non existing resourceDirectory C:\Users\32593\Desktop\java\web-ai-project02\tlias-web-management\src\test\resources
[INFO] 
[INFO] --- compiler:3.14.1:testCompile (default-testCompile) @ tlias-web-management ---
[INFO] Nothing to compile - all classes are up to date.
[INFO] 
[INFO] <<< spring-boot:4.0.7:run (default-cli) < test-compile @ tlias-web-management <<<
[INFO] 
[INFO] 
[INFO] --- spring-boot:4.0.7:run (default-cli) @ tlias-web-management ---
[INFO] Attaching agents: []

  .   ____          _            __ _ _
 /\\ / ___'_ __ _ _(_)_ __  __ _ \ \ \ \
( ( )\___ | '_ | '_| | '_ \/ _` | \ \ \ \
 \\/  ___)| |_)| | | | | || (_| |  ) ) ) )
  '  |____| .__|_| |_|_| |_\__, | / / / /
 =========|_|==============|___/=/_/_/_/

 :: Spring Boot ::                (v4.0.7)

2026-09-12 20:21:30.160 [main] INFO  com.itheima.TliasWebManagementApplication-Starting TliasWebManagementApplication using Java 17.0.19 with PID 19520 (C:\Users\32593\Desktop\java\web-ai-project02\tlias-web-management\target\classes started by 32593 in C:\Users\32593\Desktop\java\web-ai-project02\tlias-web-management)
2026-09-12 20:21:30.164 [main] INFO  com.itheima.TliasWebManagementApplication-No active profile set, falling back to 1 default profile: "default"
2026-09-12 20:21:31.132 [main] DEBUG o.s.a.a.annotation.ReflectiveAspectJAdvisorFactory-Found AspectJ method: public java.lang.Object com.itheima.aop.OperationLogAspect.around(org.aspectj.lang.ProceedingJoinPoint,com.itheima.anno.LogOperation) throws java.lang.Throwable
2026-09-12 20:21:31.185 [main] DEBUG o.s.aop.aspectj.AspectJExpressionPointcut-Pointcut parser rejected expression [@annotation(com.itheima.anno.LogOperation)]: java.lang.IllegalArgumentException: error at ::0 formal unbound in pointcut 
2026-09-12 20:21:31.465 [main] INFO  org.springframework.boot.tomcat.TomcatWebServer-Tomcat initialized with port 8080 (http)
2026-09-12 20:21:31.475 [main] INFO  org.apache.coyote.http11.Http11NioProtocol-Initializing ProtocolHandler ["http-nio-8080"]
2026-09-12 20:21:31.477 [main] INFO  org.apache.catalina.core.StandardService-Starting service [Tomcat]
2026-09-12 20:21:31.479 [main] INFO  org.apache.catalina.core.StandardEngine-Starting Servlet engine: [Apache Tomcat/11.0.22]
2026-09-12 20:21:31.549 [main] INFO  o.s.b.w.c.servlet.WebApplicationContextInitializer-Root WebApplicationContext: initialization completed in 1309 ms
Logging initialized using 'class org.apache.ibatis.logging.stdout.StdOutImpl' adapter.


,------.                           ,--.  ,--.         ,--.                         
|  .--. '  ,--,--.  ,---.   ,---.  |  '--'  |  ,---.  |  |  ,---.   ,---.  ,--.--. 
|  '--' | ' ,-.  | | .-. | | .-. : |  .--.  | | .-. : |  | | .-. | | .-. : |  .--' 
|  | --'  \ '-'  | ' '-' ' \   --. |  |  |  | \   --. |  | | '-' ' \   --. |  |    
`--'       `--`--' .`-  /   `----' `--'  `--'  `----' `--' |  |-'   `----' `--'    
                   `---'                                   `--'                        is intercepting.

2026-09-12 20:21:32.225 [main] INFO  org.apache.coyote.http11.Http11NioProtocol-Starting ProtocolHandler ["http-nio-8080"]
2026-09-12 20:21:32.246 [main] INFO  org.springframework.boot.tomcat.TomcatWebServer-Tomcat started on port 8080 (http) with context path '/'
2026-09-12 20:21:32.251 [main] INFO  com.itheima.TliasWebManagementApplication-Started TliasWebManagementApplication in 2.651 seconds (process running for 3.291)
[INFO] ------------------------------------------------------------------------
[INFO] BUILD FAILURE
[INFO] ------------------------------------------------------------------------
[INFO] Total time:  52.004 s
[INFO] Finished at: 2026-09-12T20:22:16+08:00
[INFO] ------------------------------------------------------------------------
[ERROR] Failed to execute goal org.springframework.boot:spring-boot-maven-plugin:4.0.7:run (default-cli) on project tlias-web-management: Process terminated with exit code: 1 -> [Help 1]
[ERROR] 
[ERROR] To see the full stack trace of the errors, re-run Maven with the -e switch.
[ERROR] Re-run Maven using the -X switch to enable full debug logging.
[ERROR] 
[ERROR] For more information about the errors and possible solutions, please read the following articles:
[ERROR] [Help 1] http://cwiki.apache.org/confluence/display/MAVEN/MojoExecutionException
